{
    "-profile test": {
        "content": [
            {
                "BUSCO_DOWNLOAD": {
                    "busco": "5.8.3"
                },
                "FASTP": {
                    "fastp": "1.0.1"
                },
                "FASTQC": {
                    "fastqc": "0.12.1"
                },
                "QUAST": {
                    "quast": "5.3.0"
                },
                "SAMPLESHEET_CHECK": {
                    "r-PathoSurveilR": "1.2.0"
                },
                "SOURMASH_COMPARE": {
                    "sourmash": "4.9.4"
                },
                "SOURMASH_SKETCH": {
                    "sourmash": "4.9.4"
                },
                "SPADES": {
                    "spades": "4.1.0"
                },
                "Workflow": {
                    "nf-core/pathogensurveillance": "v1.1.0"
                }
            },
            [
                ".pathogensurveillance_output.json",
                "assemblies",
                "assemblies/spades",
                "assemblies/spades/LF1.assembly.gfa.gz",
                "assemblies/spades/LF1.contigs.fa.gz",
                "assemblies/spades/LF1.scaffolds.fa.gz",
                "assemblies/spades/LF1.spades.log",
                "assemblies/spades/LF1.warnings.log",
                "downloads",
                "downloads/annotations",
                "downloads/annotations/GCF_000159355.1.gff.gz",
                "downloads/annotations/GCF_000236455.2.gff.gz",
                "downloads/annotations/GCF_001435915.1.gff.gz",
                "downloads/annotations/GCF_001807655.1.gff.gz",
                "downloads/annotations/GCF_003641165.1.gff.gz",
                "downloads/annotations/GCF_006740305.1.gff.gz",
                "downloads/annotations/GCF_013394085.1.gff.gz",
                "downloads/annotations/GCF_016756395.1.gff.gz",
                "downloads/annotations/GCF_018987235.1.gff.gz",
                "downloads/annotations/GCF_023498005.1.gff.gz",
                "downloads/annotations/GCF_028736235.1.gff.gz",
                "downloads/annotations/GCF_030389495.1.gff.gz",
                "downloads/annotations/GCF_043386705.1.gff.gz",
                "downloads/annotations/GCF_043950205.1.gff.gz",
                "downloads/assemblies",
                "downloads/assemblies/GCF_000159355.1.fasta.gz",
                "downloads/assemblies/GCF_000236455.2.fasta.gz",
                "downloads/assemblies/GCF_001435915.1.fasta.gz",
                "downloads/assemblies/GCF_001807655.1.fasta.gz",
                "downloads/assemblies/GCF_003641165.1.fasta.gz",
                "downloads/assemblies/GCF_006740305.1.fasta.gz",
                "downloads/assemblies/GCF_013394085.1.fasta.gz",
                "downloads/assemblies/GCF_016756395.1.fasta.gz",
                "downloads/assemblies/GCF_018987235.1.fasta.gz",
                "downloads/assemblies/GCF_023498005.1.fasta.gz",
                "downloads/assemblies/GCF_028736235.1.fasta.gz",
                "downloads/assemblies/GCF_030389495.1.fasta.gz",
                "downloads/assemblies/GCF_043386705.1.fasta.gz",
                "downloads/assemblies/GCF_043950205.1.fasta.gz",
                "downloads/reads",
                "downloads/reads/SRR18850314_1.fastq.gz",
                "downloads/reads/SRR18850314_2.fastq.gz",
                "fastp",
                "fastp/LF1.fastp.html",
                "fastp/LF1.fastp.json",
                "fastp/LF1.fastp.log",
                "fastp/LF1_R1.fastp.fastq.gz",
                "fastp/LF1_R2.fastp.fastq.gz",
                "metadata",
                "metadata/reference_metadata.tsv",
                "metadata/sample_metadata.tsv",
                "pipeline_info",
                "pipeline_info/messages.tsv",
                "pipeline_info/pathogensurveillance_run_info.yml",
                "pipeline_info/version_info.yml",
                "quality_control",
                "quality_control/fastqc",
                "quality_control/fastqc/LF1_1_fastqc.html",
                "quality_control/fastqc/LF1_1_fastqc.zip",
                "quality_control/fastqc/LF1_2_fastqc.html",
                "quality_control/fastqc/LF1_2_fastqc.zip",
                "quality_control/multiqc",
                "quality_control/multiqc/all_multiqc",
                "quality_control/quast",
                "quality_control/quast/LF1",
                "quality_control/quast/LF1.tsv",
                "reference_data",
                "reference_data/considered",
                "reference_data/considered/2062.json",
                "reference_data/considered/2062.tsv",
                "reference_data/considered/33958.json",
                "reference_data/considered/33958.tsv",
                "reference_data/downloaded",
                "reference_data/downloaded/LF1.tsv",
                "report_group_data",
                "report_group_data/all_inputs",
                "reports",
                "reports/all_pathsurveil_report.html",
                "sendsketch",
                "sendsketch/LF1.txt",
                "sketch_comparisons",
                "sketch_comparisons/ani_matricies",
                "sketch_comparisons/ani_matricies/all_comp.csv",
                "sketch_comparisons/ani_matricies/all_comp.npy",
                "sketch_comparisons/ani_matricies/all_comp.npy.labels.txt",
                "sketch_comparisons/sketches",
                "sketch_comparisons/sketches/GCF_000159355_1.sig",
                "sketch_comparisons/sketches/GCF_000236455_2.sig",
                "sketch_comparisons/sketches/GCF_001435915_1.sig",
                "sketch_comparisons/sketches/GCF_001807655_1.sig",
                "sketch_comparisons/sketches/GCF_003641165_1.sig",
                "sketch_comparisons/sketches/GCF_006740305_1.sig",
                "sketch_comparisons/sketches/GCF_013394085_1.sig",
                "sketch_comparisons/sketches/GCF_016756395_1.sig",
                "sketch_comparisons/sketches/GCF_018987235_1.sig",
                "sketch_comparisons/sketches/GCF_023498005_1.sig",
                "sketch_comparisons/sketches/GCF_028736235_1.sig",
                "sketch_comparisons/sketches/GCF_030389495_1.sig",
                "sketch_comparisons/sketches/GCF_043386705_1.sig",
                "sketch_comparisons/sketches/GCF_043950205_1.sig",
                "sketch_comparisons/sketches/LF1.sig"
            ]
        ],
        "meta": {
            "nf-test": "0.9.3",
            "nextflow": "25.10.3"
        },
        "timestamp": "2026-02-06T16:00:03.273079881"
    }
}