{
    "test profile": {
        "content": [
            [
                ".pathogensurveillance_output.json",
                "aligned_reads",
                "aligned_reads/GCF_000002765_6--PF1.bam",
                "aligned_reads/GCF_000002765_6--PF1.formatted.MarkDuplicates.metrics.txt",
                "aligned_reads/GCF_000002765_6--PF1.formatted.bam",
                "aligned_reads/GCF_000002765_6--PF1.formatted.bam.csi",
                "aligned_reads/GCF_000002765_6--PF2.bam",
                "aligned_reads/GCF_000002765_6--PF2.formatted.MarkDuplicates.metrics.txt",
                "aligned_reads/GCF_000002765_6--PF2.formatted.bam",
                "aligned_reads/GCF_000002765_6--PF2.formatted.bam.csi",
                "aligned_reads/GCF_000002765_6--PF3.bam",
                "aligned_reads/GCF_000002765_6--PF3.formatted.MarkDuplicates.metrics.txt",
                "aligned_reads/GCF_000002765_6--PF3.formatted.bam",
                "aligned_reads/GCF_000002765_6--PF3.formatted.bam.csi",
                "aligned_reads/GCF_001807655_1--LF1.bam",
                "aligned_reads/GCF_001807655_1--LF1.formatted.MarkDuplicates.metrics.txt",
                "aligned_reads/GCF_001807655_1--LF1.formatted.bam",
                "aligned_reads/GCF_001807655_1--LF1.formatted.bam.csi",
                "aligned_reads/GCF_001807655_1--LF2.bam",
                "aligned_reads/GCF_001807655_1--LF2.formatted.MarkDuplicates.metrics.txt",
                "aligned_reads/GCF_001807655_1--LF2.formatted.bam",
                "aligned_reads/GCF_001807655_1--LF2.formatted.bam.csi",
                "aligned_reads/GCF_001807655_1--LF3.bam",
                "aligned_reads/GCF_001807655_1--LF3.formatted.MarkDuplicates.metrics.txt",
                "aligned_reads/GCF_001807655_1--LF3.formatted.bam",
                "aligned_reads/GCF_001807655_1--LF3.formatted.bam.csi",
                "aligned_reads/GCF_001807655_1--LF4.bam",
                "aligned_reads/GCF_001807655_1--LF4.formatted.MarkDuplicates.metrics.txt",
                "aligned_reads/GCF_001807655_1--LF4.formatted.bam",
                "aligned_reads/GCF_001807655_1--LF4.formatted.bam.csi",
                "annotations",
                "annotations/bakta",
                "annotations/bakta/LF1.embl",
                "annotations/bakta/LF1.faa",
                "annotations/bakta/LF1.ffn",
                "annotations/bakta/LF1.fna",
                "annotations/bakta/LF1.gbff",
                "annotations/bakta/LF1.gff3",
                "annotations/bakta/LF1.hypotheticals.faa",
                "annotations/bakta/LF1.hypotheticals.tsv",
                "annotations/bakta/LF1.json",
                "annotations/bakta/LF1.tsv",
                "annotations/bakta/LF1.txt",
                "annotations/bakta/LF2.embl",
                "annotations/bakta/LF2.faa",
                "annotations/bakta/LF2.ffn",
                "annotations/bakta/LF2.fna",
                "annotations/bakta/LF2.gbff",
                "annotations/bakta/LF2.gff3",
                "annotations/bakta/LF2.hypotheticals.faa",
                "annotations/bakta/LF2.hypotheticals.tsv",
                "annotations/bakta/LF2.json",
                "annotations/bakta/LF2.tsv",
                "annotations/bakta/LF2.txt",
                "annotations/bakta/LF3.embl",
                "annotations/bakta/LF3.faa",
                "annotations/bakta/LF3.ffn",
                "annotations/bakta/LF3.fna",
                "annotations/bakta/LF3.gbff",
                "annotations/bakta/LF3.gff3",
                "annotations/bakta/LF3.hypotheticals.faa",
                "annotations/bakta/LF3.hypotheticals.tsv",
                "annotations/bakta/LF3.json",
                "annotations/bakta/LF3.tsv",
                "annotations/bakta/LF3.txt",
                "annotations/bakta/LF4.embl",
                "annotations/bakta/LF4.faa",
                "annotations/bakta/LF4.ffn",
                "annotations/bakta/LF4.fna",
                "annotations/bakta/LF4.gbff",
                "annotations/bakta/LF4.gff3",
                "annotations/bakta/LF4.hypotheticals.faa",
                "annotations/bakta/LF4.hypotheticals.tsv",
                "annotations/bakta/LF4.json",
                "annotations/bakta/LF4.tsv",
                "annotations/bakta/LF4.txt",
                "assemblies",
                "assemblies/flye",
                "assemblies/flye/PF1.assembly.fasta.gz",
                "assemblies/flye/PF1.assembly_graph.gfa.gz",
                "assemblies/flye/PF1.assembly_graph.gv.gz",
                "assemblies/flye/PF1.assembly_info.txt",
                "assemblies/flye/PF1.flye.log",
                "assemblies/flye/PF1.params.json",
                "assemblies/spades",
                "assemblies/spades/LF1.assembly.gfa.gz",
                "assemblies/spades/LF1.contigs.fa.gz",
                "assemblies/spades/LF1.scaffolds.fa.gz",
                "assemblies/spades/LF1.spades.log",
                "assemblies/spades/LF1.warnings.log",
                "assemblies/spades/LF2.assembly.gfa.gz",
                "assemblies/spades/LF2.contigs.fa.gz",
                "assemblies/spades/LF2.scaffolds.fa.gz",
                "assemblies/spades/LF2.spades.log",
                "assemblies/spades/LF2.warnings.log",
                "assemblies/spades/LF3.assembly.gfa.gz",
                "assemblies/spades/LF3.contigs.fa.gz",
                "assemblies/spades/LF3.scaffolds.fa.gz",
                "assemblies/spades/LF3.spades.log",
                "assemblies/spades/LF3.warnings.log",
                "assemblies/spades/LF4.assembly.gfa.gz",
                "assemblies/spades/LF4.contigs.fa.gz",
                "assemblies/spades/LF4.scaffolds.fa.gz",
                "assemblies/spades/LF4.spades.log",
                "assemblies/spades/PF2.assembly.gfa.gz",
                "assemblies/spades/PF2.contigs.fa.gz",
                "assemblies/spades/PF2.scaffolds.fa.gz",
                "assemblies/spades/PF2.spades.log",
                "assemblies/spades/PF2.warnings.log",
                "assemblies/spades/PF3.assembly.gfa.gz",
                "assemblies/spades/PF3.contigs.fa.gz",
                "assemblies/spades/PF3.scaffolds.fa.gz",
                "assemblies/spades/PF3.spades.log",
                "assemblies/spades/PF3.warnings.log",
                "busco",
                "busco/GCF_000002765_6--eukaryota_odb10-busco",
                "busco/GCF_000002765_6--eukaryota_odb10-busco.batch_summary.txt",
                "busco/GCF_000002765_6--eukaryota_odb10-busco.log",
                "busco/PF1--eukaryota_odb10-busco",
                "busco/PF1--eukaryota_odb10-busco.batch_summary.txt",
                "busco/PF1--eukaryota_odb10-busco.log",
                "busco/PF2--eukaryota_odb10-busco",
                "busco/PF2--eukaryota_odb10-busco.batch_summary.txt",
                "busco/PF2--eukaryota_odb10-busco.log",
                "busco/PF3--eukaryota_odb10-busco",
                "busco/PF3--eukaryota_odb10-busco.batch_summary.txt",
                "busco/PF3--eukaryota_odb10-busco.log",
                "busco/busco_downloads",
                "busco/busco_downloads/lineages",
                "busco/busco_downloads/lineages/eukaryota_odb10",
                "busco/short_summary.specific.eukaryota_odb10.GCF_000002765.6.fasta.json",
                "busco/short_summary.specific.eukaryota_odb10.GCF_000002765.6.fasta.txt",
                "busco/short_summary.specific.eukaryota_odb10.PF1.assembly.fasta.json",
                "busco/short_summary.specific.eukaryota_odb10.PF1.assembly.fasta.txt",
                "busco/short_summary.specific.eukaryota_odb10.PF2.scaffolds.fa.json",
                "busco/short_summary.specific.eukaryota_odb10.PF2.scaffolds.fa.txt",
                "busco/short_summary.specific.eukaryota_odb10.PF3.scaffolds.fa.json",
                "busco/short_summary.specific.eukaryota_odb10.PF3.scaffolds.fa.txt",
                "downloads",
                "downloads/annotations",
                "downloads/annotations/GCF_000002765.6.gff.gz",
                "downloads/annotations/GCF_000159355.1.gff.gz",
                "downloads/annotations/GCF_000162475.2.gff.gz",
                "downloads/annotations/GCF_000164675.2.gff.gz",
                "downloads/annotations/GCF_000236455.2.gff.gz",
                "downloads/annotations/GCF_000269925.1.gff.gz",
                "downloads/annotations/GCF_000498955.2.gff.gz",
                "downloads/annotations/GCF_000993785.3.gff.gz",
                "downloads/annotations/GCF_001188955.3.gff.gz",
                "downloads/annotations/GCF_001435915.1.gff.gz",
                "downloads/annotations/GCF_001483965.1.gff.gz",
                "downloads/annotations/GCF_001807655.1.gff.gz",
                "downloads/annotations/GCF_003955755.1.gff.gz",
                "downloads/annotations/GCF_006740305.1.gff.gz",
                "downloads/annotations/GCF_006770285.1.gff.gz",
                "downloads/annotations/GCF_013394085.1.gff.gz",
                "downloads/annotations/GCF_016756395.1.gff.gz",
                "downloads/annotations/GCF_018987235.1.gff.gz",
                "downloads/annotations/GCF_028736235.1.gff.gz",
                "downloads/annotations/GCF_030389495.1.gff.gz",
                "downloads/annotations/GCF_043386705.1.gff.gz",
                "downloads/assemblies",
                "downloads/assemblies/GCF_000002765.6.fasta.gz",
                "downloads/assemblies/GCF_000159355.1.fasta.gz",
                "downloads/assemblies/GCF_000162475.2.fasta.gz",
                "downloads/assemblies/GCF_000164675.2.fasta.gz",
                "downloads/assemblies/GCF_000236455.2.fasta.gz",
                "downloads/assemblies/GCF_000269925.1.fasta.gz",
                "downloads/assemblies/GCF_000498955.2.fasta.gz",
                "downloads/assemblies/GCF_000993785.3.fasta.gz",
                "downloads/assemblies/GCF_001188955.3.fasta.gz",
                "downloads/assemblies/GCF_001435915.1.fasta.gz",
                "downloads/assemblies/GCF_001483965.1.fasta.gz",
                "downloads/assemblies/GCF_001807655.1.fasta.gz",
                "downloads/assemblies/GCF_003955755.1.fasta.gz",
                "downloads/assemblies/GCF_006740305.1.fasta.gz",
                "downloads/assemblies/GCF_006770285.1.fasta.gz",
                "downloads/assemblies/GCF_013394085.1.fasta.gz",
                "downloads/assemblies/GCF_016756395.1.fasta.gz",
                "downloads/assemblies/GCF_018987235.1.fasta.gz",
                "downloads/assemblies/GCF_028736235.1.fasta.gz",
                "downloads/assemblies/GCF_030389495.1.fasta.gz",
                "downloads/assemblies/GCF_043386705.1.fasta.gz",
                "downloads/databases",
                "downloads/databases/bakta",
                "downloads/databases/bakta/db-light",
                "downloads/databases/busco",
                "downloads/databases/busco/busco_downloads",
                "downloads/reads",
                "downloads/reads/ERR13427439_1.fastq.gz",
                "downloads/reads/ERR13427439_2.fastq.gz",
                "downloads/reads/SRR18850310_1.fastq.gz",
                "downloads/reads/SRR18850310_2.fastq.gz",
                "downloads/reads/SRR18850314_1.fastq.gz",
                "downloads/reads/SRR18850314_2.fastq.gz",
                "downloads/reads/SRR22981583_1.fastq.gz",
                "downloads/reads/SRR22981583_2.fastq.gz",
                "downloads/reads/SRR27942447_1.fastq.gz",
                "downloads/reads/SRR27942447_2.fastq.gz",
                "downloads/reads/SRR29397006_1.fastq.gz",
                "downloads/reads/SRR29397006_2.fastq.gz",
                "downloads/reads/SRR29695256.fastq.gz",
                "fastp",
                "fastp/LF1.fastp.html",
                "fastp/LF1.fastp.json",
                "fastp/LF1.fastp.log",
                "fastp/LF1_R1.fastp.fastq.gz",
                "fastp/LF1_R2.fastp.fastq.gz",
                "fastp/LF2.fastp.html",
                "fastp/LF2.fastp.json",
                "fastp/LF2.fastp.log",
                "fastp/LF2_R1.fastp.fastq.gz",
                "fastp/LF2_R2.fastp.fastq.gz",
                "fastp/LF3.fastp.html",
                "fastp/LF3.fastp.json",
                "fastp/LF3.fastp.log",
                "fastp/LF3_R1.fastp.fastq.gz",
                "fastp/LF3_R2.fastp.fastq.gz",
                "fastp/LF4.fastp.html",
                "fastp/LF4.fastp.json",
                "fastp/LF4.fastp.log",
                "fastp/LF4_R1.fastp.fastq.gz",
                "fastp/LF4_R2.fastp.fastq.gz",
                "fastp/PF2.fastp.html",
                "fastp/PF2.fastp.json",
                "fastp/PF2.fastp.log",
                "fastp/PF2_R1.fastp.fastq.gz",
                "fastp/PF2_R2.fastp.fastq.gz",
                "fastp/PF3.fastp.html",
                "fastp/PF3.fastp.json",
                "fastp/PF3.fastp.log",
                "fastp/PF3_R1.fastp.fastq.gz",
                "fastp/PF3_R2.fastp.fastq.gz",
                "metadata",
                "metadata/reference_metadata.tsv",
                "metadata/sample_metadata.tsv",
                "pipeline_info",
                "pipeline_info/messages.tsv",
                "pipeline_info/pathogensurveillance_run_info.yml",
                "pipeline_info/version_info.yml",
                "pirate",
                "pirate/all_results",
                "pirate/all_results/PIRATE.gene_families.ordered.tsv",
                "pirate/all_results/PIRATE.gene_families.tsv",
                "pirate/all_results/PIRATE.genomes_per_allele.tsv",
                "pirate/all_results/PIRATE.log",
                "pirate/all_results/PIRATE.pangenome_summary.txt",
                "pirate/all_results/PIRATE.unique_alleles.tsv",
                "pirate/all_results/binary_presence_absence.fasta",
                "pirate/all_results/binary_presence_absence.nwk",
                "pirate/all_results/cluster_alleles.tab",
                "pirate/all_results/co-ords",
                "pirate/all_results/genome2loci.tab",
                "pirate/all_results/genome_list.txt",
                "pirate/all_results/gff_parser_log.txt",
                "pirate/all_results/link_clusters.log",
                "pirate/all_results/loci_list.tab",
                "pirate/all_results/loci_paralog_categories.tab",
                "pirate/all_results/modified_gffs",
                "pirate/all_results/pan_sequences.fasta",
                "pirate/all_results/pangenome.connected_blocks.tsv",
                "pirate/all_results/pangenome.edges",
                "pirate/all_results/pangenome.gfa",
                "pirate/all_results/pangenome.order.tsv",
                "pirate/all_results/pangenome.reversed.tsv",
                "pirate/all_results/pangenome.syntenic_blocks.tsv",
                "pirate/all_results/pangenome.temp",
                "pirate/all_results/pangenome_iterations",
                "pirate/all_results/pangenome_log.txt",
                "pirate/all_results/paralog_clusters.tab",
                "pirate/all_results/representative_sequences.faa",
                "pirate/all_results/representative_sequences.ffn",
                "pirate/all_results/split_groups.log",
                "pirate/limosilactobacillus_results",
                "pirate/limosilactobacillus_results/PIRATE.gene_families.ordered.tsv",
                "pirate/limosilactobacillus_results/PIRATE.gene_families.tsv",
                "pirate/limosilactobacillus_results/PIRATE.genomes_per_allele.tsv",
                "pirate/limosilactobacillus_results/PIRATE.log",
                "pirate/limosilactobacillus_results/PIRATE.pangenome_summary.txt",
                "pirate/limosilactobacillus_results/PIRATE.unique_alleles.tsv",
                "pirate/limosilactobacillus_results/binary_presence_absence.fasta",
                "pirate/limosilactobacillus_results/binary_presence_absence.nwk",
                "pirate/limosilactobacillus_results/cluster_alleles.tab",
                "pirate/limosilactobacillus_results/co-ords",
                "pirate/limosilactobacillus_results/genome2loci.tab",
                "pirate/limosilactobacillus_results/genome_list.txt",
                "pirate/limosilactobacillus_results/gff_parser_log.txt",
                "pirate/limosilactobacillus_results/link_clusters.log",
                "pirate/limosilactobacillus_results/loci_list.tab",
                "pirate/limosilactobacillus_results/loci_paralog_categories.tab",
                "pirate/limosilactobacillus_results/modified_gffs",
                "pirate/limosilactobacillus_results/pan_sequences.fasta",
                "pirate/limosilactobacillus_results/pangenome.connected_blocks.tsv",
                "pirate/limosilactobacillus_results/pangenome.edges",
                "pirate/limosilactobacillus_results/pangenome.gfa",
                "pirate/limosilactobacillus_results/pangenome.order.tsv",
                "pirate/limosilactobacillus_results/pangenome.reversed.tsv",
                "pirate/limosilactobacillus_results/pangenome.syntenic_blocks.tsv",
                "pirate/limosilactobacillus_results/pangenome.temp",
                "pirate/limosilactobacillus_results/pangenome_iterations",
                "pirate/limosilactobacillus_results/pangenome_log.txt",
                "pirate/limosilactobacillus_results/paralog_clusters.tab",
                "pirate/limosilactobacillus_results/representative_sequences.faa",
                "pirate/limosilactobacillus_results/representative_sequences.ffn",
                "pirate/limosilactobacillus_results/split_groups.log",
                "pocp",
                "pocp/all_pocp.tsv",
                "pocp/limosilactobacillus_pocp.tsv",
                "quality_control",
                "quality_control/fastqc",
                "quality_control/fastqc/LF1_1_fastqc.html",
                "quality_control/fastqc/LF1_1_fastqc.zip",
                "quality_control/fastqc/LF1_2_fastqc.html",
                "quality_control/fastqc/LF1_2_fastqc.zip",
                "quality_control/fastqc/LF2_1_fastqc.html",
                "quality_control/fastqc/LF2_1_fastqc.zip",
                "quality_control/fastqc/LF2_2_fastqc.html",
                "quality_control/fastqc/LF2_2_fastqc.zip",
                "quality_control/fastqc/LF3_1_fastqc.html",
                "quality_control/fastqc/LF3_1_fastqc.zip",
                "quality_control/fastqc/LF3_2_fastqc.html",
                "quality_control/fastqc/LF3_2_fastqc.zip",
                "quality_control/fastqc/LF4_1_fastqc.html",
                "quality_control/fastqc/LF4_1_fastqc.zip",
                "quality_control/fastqc/LF4_2_fastqc.html",
                "quality_control/fastqc/LF4_2_fastqc.zip",
                "quality_control/fastqc/PF2_1_fastqc.html",
                "quality_control/fastqc/PF2_1_fastqc.zip",
                "quality_control/fastqc/PF2_2_fastqc.html",
                "quality_control/fastqc/PF2_2_fastqc.zip",
                "quality_control/fastqc/PF3_1_fastqc.html",
                "quality_control/fastqc/PF3_1_fastqc.zip",
                "quality_control/fastqc/PF3_2_fastqc.html",
                "quality_control/fastqc/PF3_2_fastqc.zip",
                "quality_control/multiqc",
                "quality_control/multiqc/multiqc_data",
                "quality_control/multiqc/multiqc_plots",
                "quality_control/multiqc/multiqc_report.html",
                "quality_control/nanoplot",
                "quality_control/nanoplot/PF1_LengthvsQualityScatterPlot_dot.html",
                "quality_control/nanoplot/PF1_LengthvsQualityScatterPlot_kde.html",
                "quality_control/nanoplot/PF1_NanoPlot-report.html",
                "quality_control/nanoplot/PF1_NanoStats.txt",
                "quality_control/nanoplot/PF1_Non_weightedHistogramReadlength.html",
                "quality_control/nanoplot/PF1_Non_weightedLogTransformed_HistogramReadlength.html",
                "quality_control/nanoplot/PF1_WeightedHistogramReadlength.html",
                "quality_control/nanoplot/PF1_WeightedLogTransformed_HistogramReadlength.html",
                "quality_control/nanoplot/PF1_Yield_By_Length.html",
                "quality_control/quast",
                "quality_control/quast/LF1",
                "quality_control/quast/LF1.tsv",
                "quality_control/quast/LF2",
                "quality_control/quast/LF2.tsv",
                "quality_control/quast/LF3",
                "quality_control/quast/LF3.tsv",
                "quality_control/quast/LF4",
                "quality_control/quast/LF4.tsv",
                "quality_control/quast/PF1",
                "quality_control/quast/PF1.tsv",
                "quality_control/quast/PF2",
                "quality_control/quast/PF2.tsv",
                "quality_control/quast/PF3",
                "quality_control/quast/PF3.tsv",
                "reference_data",
                "reference_data/considered",
                "reference_data/considered/1300.json",
                "reference_data/considered/1300.tsv",
                "reference_data/considered/186828.json",
                "reference_data/considered/186828.tsv",
                "reference_data/considered/2062.json",
                "reference_data/considered/2062.tsv",
                "reference_data/considered/33958.json",
                "reference_data/considered/33958.tsv",
                "reference_data/downloaded",
                "reference_data/downloaded/LF1.tsv",
                "reference_data/downloaded/LF2.tsv",
                "reference_data/downloaded/LF3.tsv",
                "reference_data/downloaded/LF4.tsv",
                "reference_data/indexes",
                "reference_data/indexes/bwa",
                "reference_data/indexes/bwa/bwa",
                "reference_data/indexes/faidx",
                "reference_data/indexes/faidx/GCF_000002765_6.fasta.gz.fai",
                "reference_data/indexes/faidx/GCF_000002765_6.fasta.gz.gzi",
                "reference_data/indexes/faidx/GCF_001807655_1.fasta.gz.fai",
                "reference_data/indexes/faidx/GCF_001807655_1.fasta.gz.gzi",
                "reference_data/indexes/picard",
                "reference_data/indexes/picard/GCF_000002765_6.fasta.dict",
                "reference_data/indexes/picard/GCF_001807655_1.fasta.dict",
                "reference_data/indexes/tabix",
                "reference_data/indexes/tabix/all--GCF_000002765_6.vcf.gz.tbi",
                "reference_data/indexes/tabix/all--GCF_001807655_1.vcf.gz.tbi",
                "reference_data/indexes/tabix/limosilactobacillus--GCF_001807655_1.vcf.gz.tbi",
                "reference_data/indexes/tabix/plasmodium--GCF_000002765_6.vcf.gz.tbi",
                "reference_data/selected",
                "reference_data/selected/all_busco_references.tsv",
                "reference_data/selected/all_core_references.tsv",
                "reference_data/selected/all_mapping_references.tsv",
                "reference_data/selected/limosilactobacillus_core_references.tsv",
                "reference_data/selected/limosilactobacillus_mapping_references.tsv",
                "reference_data/selected/plasmodium_busco_references.tsv",
                "reference_data/selected/plasmodium_mapping_references.tsv",
                "report_group_data",
                "report_group_data/all_inputs",
                "report_group_data/limosilactobacillus_inputs",
                "report_group_data/plasmodium_inputs",
                "reports",
                "reports/all_pathsurveil_report.html",
                "reports/limosilactobacillus_pathsurveil_report.html",
                "sendsketch",
                "sendsketch/LF1.txt",
                "sendsketch/LF1_child_taxa.tsv",
                "sendsketch/LF1_taxa_found.tsv",
                "sendsketch/LF1_taxon_data.tsv",
                "sendsketch/LF2.txt",
                "sendsketch/LF2_child_taxa.tsv",
                "sendsketch/LF2_taxa_found.tsv",
                "sendsketch/LF2_taxon_data.tsv",
                "sendsketch/LF3.txt",
                "sendsketch/LF3_child_taxa.tsv",
                "sendsketch/LF3_taxa_found.tsv",
                "sendsketch/LF3_taxon_data.tsv",
                "sendsketch/LF4.txt",
                "sendsketch/LF4_child_taxa.tsv",
                "sendsketch/LF4_taxa_found.tsv",
                "sendsketch/LF4_taxon_data.tsv",
                "sendsketch/PF1.txt",
                "sendsketch/PF1_child_taxa.tsv",
                "sendsketch/PF1_taxa_found.tsv",
                "sendsketch/PF1_taxon_data.tsv",
                "sendsketch/PF2.txt",
                "sendsketch/PF2_child_taxa.tsv",
                "sendsketch/PF2_taxa_found.tsv",
                "sendsketch/PF2_taxon_data.tsv",
                "sendsketch/PF3.txt",
                "sendsketch/PF3_child_taxa.tsv",
                "sendsketch/PF3_taxa_found.tsv",
                "sendsketch/PF3_taxon_data.tsv",
                "shared_genes",
                "shared_genes/busco",
                "shared_genes/busco/100698at2759.fas",
                "shared_genes/busco/1010730at2759.fas",
                "shared_genes/busco/1018517at2759.fas",
                "shared_genes/busco/1032689at2759.fas",
                "shared_genes/busco/1049599at2759.fas",
                "shared_genes/busco/1090038at2759.fas",
                "shared_genes/busco/1096688at2759.fas",
                "shared_genes/busco/1115196at2759.fas",
                "shared_genes/busco/1182451at2759.fas",
                "shared_genes/busco/1200489at2759.fas",
                "shared_genes/busco/1220881at2759.fas",
                "shared_genes/busco/1222562at2759.fas",
                "shared_genes/busco/1233814at2759.fas",
                "shared_genes/busco/1259741at2759.fas",
                "shared_genes/busco/1260807at2759.fas",
                "shared_genes/busco/1284731at2759.fas",
                "shared_genes/busco/1287401at2759.fas",
                "shared_genes/busco/1322642at2759.fas",
                "shared_genes/busco/1338131at2759.fas",
                "shared_genes/busco/1342242at2759.fas",
                "shared_genes/core",
                "sketch_comparisons",
                "sketch_comparisons/ani_matricies",
                "sketch_comparisons/ani_matricies/all_pairwise.csv",
                "sketch_comparisons/ani_matricies/limosilactobacillus_pairwise.csv",
                "sketch_comparisons/ani_matricies/plasmodium_pairwise.csv",
                "sketch_comparisons/sketches",
                "sketch_comparisons/sketches/GCF_000002765_6.sig",
                "sketch_comparisons/sketches/GCF_000159355_1.sig",
                "sketch_comparisons/sketches/GCF_000162475_2.sig",
                "sketch_comparisons/sketches/GCF_000164675_2.sig",
                "sketch_comparisons/sketches/GCF_000236455_2.sig",
                "sketch_comparisons/sketches/GCF_000269925_1.sig",
                "sketch_comparisons/sketches/GCF_000498955_2.sig",
                "sketch_comparisons/sketches/GCF_000993785_3.sig",
                "sketch_comparisons/sketches/GCF_001188955_3.sig",
                "sketch_comparisons/sketches/GCF_001435915_1.sig",
                "sketch_comparisons/sketches/GCF_001483965_1.sig",
                "sketch_comparisons/sketches/GCF_001807655_1.sig",
                "sketch_comparisons/sketches/GCF_003955755_1.sig",
                "sketch_comparisons/sketches/GCF_006740305_1.sig",
                "sketch_comparisons/sketches/GCF_006770285_1.sig",
                "sketch_comparisons/sketches/GCF_013394085_1.sig",
                "sketch_comparisons/sketches/GCF_016756395_1.sig",
                "sketch_comparisons/sketches/GCF_018987235_1.sig",
                "sketch_comparisons/sketches/GCF_028736235_1.sig",
                "sketch_comparisons/sketches/GCF_030389495_1.sig",
                "sketch_comparisons/sketches/GCF_043386705_1.sig",
                "sketch_comparisons/sketches/LF1.sig",
                "sketch_comparisons/sketches/LF2.sig",
                "sketch_comparisons/sketches/LF3.sig",
                "sketch_comparisons/sketches/LF4.sig",
                "sketch_comparisons/sketches/PF1.sig",
                "sketch_comparisons/sketches/PF2.sig",
                "sketch_comparisons/sketches/PF3.sig",
                "trees",
                "trees/busco",
                "trees/busco/all--cluster_1.iqtree",
                "trees/busco/all--cluster_1.log",
                "trees/busco/all--cluster_1.mldist",
                "trees/busco/all--cluster_1.treefile",
                "trees/busco/plasmodium--cluster_1.iqtree",
                "trees/busco/plasmodium--cluster_1.log",
                "trees/busco/plasmodium--cluster_1.mldist",
                "trees/busco/plasmodium--cluster_1.treefile",
                "trees/core",
                "trees/core/all--cluster_1.contree",
                "trees/core/all--cluster_1.iqtree",
                "trees/core/all--cluster_1.log",
                "trees/core/all--cluster_1.mldist",
                "trees/core/all--cluster_1.splits.nex",
                "trees/core/all--cluster_1.treefile",
                "trees/core/limosilactobacillus--cluster_1.contree",
                "trees/core/limosilactobacillus--cluster_1.iqtree",
                "trees/core/limosilactobacillus--cluster_1.log",
                "trees/core/limosilactobacillus--cluster_1.mldist",
                "trees/core/limosilactobacillus--cluster_1.splits.nex",
                "trees/core/limosilactobacillus--cluster_1.treefile",
                "trees/snp",
                "trees/snp/all--GCF_000002765_6.contree",
                "trees/snp/all--GCF_000002765_6.iqtree",
                "trees/snp/all--GCF_000002765_6.log",
                "trees/snp/all--GCF_000002765_6.mldist",
                "trees/snp/all--GCF_000002765_6.splits.nex",
                "trees/snp/all--GCF_000002765_6.treefile",
                "trees/snp/all--GCF_001807655_1.contree",
                "trees/snp/all--GCF_001807655_1.iqtree",
                "trees/snp/all--GCF_001807655_1.log",
                "trees/snp/all--GCF_001807655_1.mldist",
                "trees/snp/all--GCF_001807655_1.splits.nex",
                "trees/snp/all--GCF_001807655_1.treefile",
                "trees/snp/limosilactobacillus--GCF_001807655_1.contree",
                "trees/snp/limosilactobacillus--GCF_001807655_1.iqtree",
                "trees/snp/limosilactobacillus--GCF_001807655_1.log",
                "trees/snp/limosilactobacillus--GCF_001807655_1.mldist",
                "trees/snp/limosilactobacillus--GCF_001807655_1.splits.nex",
                "trees/snp/limosilactobacillus--GCF_001807655_1.treefile",
                "trees/snp/plasmodium--GCF_000002765_6.contree",
                "trees/snp/plasmodium--GCF_000002765_6.iqtree",
                "trees/snp/plasmodium--GCF_000002765_6.log",
                "trees/snp/plasmodium--GCF_000002765_6.mldist",
                "trees/snp/plasmodium--GCF_000002765_6.splits.nex",
                "trees/snp/plasmodium--GCF_000002765_6.treefile",
                "variants",
                "variants/all--GCF_000002765_6.fasta",
                "variants/all--GCF_000002765_6.variantfiltration.vcf.gz",
                "variants/all--GCF_000002765_6.variantfiltration.vcf.gz.tbi",
                "variants/all--GCF_000002765_6.vcf.gz",
                "variants/all--GCF_000002765_6.vcf.gz.tbi",
                "variants/all--GCF_000002765_6.vcffilter.vcf.gz",
                "variants/all--GCF_001807655_1.fasta",
                "variants/all--GCF_001807655_1.variantfiltration.vcf.gz",
                "variants/all--GCF_001807655_1.variantfiltration.vcf.gz.tbi",
                "variants/all--GCF_001807655_1.vcf.gz",
                "variants/all--GCF_001807655_1.vcf.gz.tbi",
                "variants/all--GCF_001807655_1.vcffilter.vcf.gz",
                "variants/limosilactobacillus--GCF_001807655_1.fasta",
                "variants/limosilactobacillus--GCF_001807655_1.variantfiltration.vcf.gz",
                "variants/limosilactobacillus--GCF_001807655_1.variantfiltration.vcf.gz.tbi",
                "variants/limosilactobacillus--GCF_001807655_1.vcf.gz",
                "variants/limosilactobacillus--GCF_001807655_1.vcf.gz.tbi",
                "variants/limosilactobacillus--GCF_001807655_1.vcffilter.vcf.gz",
                "variants/plasmodium--GCF_000002765_6.fasta",
                "variants/plasmodium--GCF_000002765_6.variantfiltration.vcf.gz",
                "variants/plasmodium--GCF_000002765_6.variantfiltration.vcf.gz.tbi",
                "variants/plasmodium--GCF_000002765_6.vcf.gz",
                "variants/plasmodium--GCF_000002765_6.vcf.gz.tbi",
                "variants/plasmodium--GCF_000002765_6.vcffilter.vcf.gz",
                "variants/removed_sample_ids.txt"
            ],
            {
                "ASSIGN_BUSCO_REFERENCES": {
                    "r-base": "4.2.1"
                },
                "ASSIGN_CORE_REFERENCES": {
                    "r-base": "4.2.1"
                },
                "ASSIGN_MAPPING_REFERENCE": {
                    "r-base": "4.2.1"
                },
                "BAKTA_BAKTA": {
                    "bakta": "1.12.0"
                },
                "BAKTA_BAKTADBDOWNLOAD": {
                    "bakta": "1.12.0"
                },
                "BBMAP_SENDSKETCH": {
                    "bbmap": 39.18
                },
                "BUSCO_BUSCO": {
                    "busco": "6.1.0"
                },
                "BUSCO_DOWNLOAD": {
                    "busco": "6.1.0"
                },
                "BWA_INDEX": {
                    "bwa": "0.7.19-r1273"
                },
                "BWA_MEM": {
                    "bwa": "0.7.19-r1273",
                    "samtools": "1.22.1"
                },
                "CALCULATE_POCP": {
                    "r-base": "4.2.1"
                },
                "DOWNLOAD_ASSEMBLIES": {
                    "datasets": "18.31.0",
                    "samtools": 1.18,
                    "unzip": 6.0
                },
                "EXTRACT_FEATURE_SEQUENCES": {
                    "pirate": "1.0.5"
                },
                "FASTP": {
                    "fastp": "1.3.6"
                },
                "FASTQC": {
                    "fastqc": "0.12.1"
                },
                "FIND_ASSEMBLIES": {
                    "datasets": "18.31.0"
                },
                "FLYE_NANOPORE": {
                    "flye": "2.9.5-b1801"
                },
                "GATK4_VARIANTFILTRATION": {
                    "gatk4": "4.7.0.0"
                },
                "GRAPHTYPER_VCFCONCATENATE": {
                    "graphtyper": "2.7.7"
                },
                "HTSLIB_BGZIPTABIX": {
                    "htslib": 1.24,
                    "xz": "5.8.3"
                },
                "INITIAL_CLASSIFICATION": {
                    "r-base": "4.5.3",
                    "r-rentrez": "1.2.4",
                    "r-PathoSurveilR": "1.2.1"
                },
                "IQTREE_BUSCO": {
                    "iqtree": "3.1.3"
                },
                "IQTREE_CORE": {
                    "iqtree": "3.1.3"
                },
                "IQTREE_SNP": {
                    "iqtree": "3.1.3"
                },
                "MAFFT_BUSCO": {
                    "mafft": "v7.520 (2023/Mar/22)",
                    "pigz": 2.8
                },
                "MAFFT_CORE": {
                    "mafft": "v7.520 (2023/Mar/22)",
                    "pigz": 2.8
                },
                "MAKE_GFF_WITH_FASTA": {
                    "sed": 4.8
                },
                "NANOPLOT": {
                    "NanoPlot": "1.47.0"
                },
                "PARSE_ASSEMBLIES": {
                    "r-base": "4.4.3",
                    "rcppsimdjson": "0.1.12"
                },
                "PICARD_CREATESEQUENCEDICTIONARY": {
                    "picard": "3.5.0"
                },
                "PICARD_FORMAT": {
                    "picard": "3.3.0"
                },
                "PICK_ASSEMBLIES": {
                    "r-base": "4.5.3",
                    "r-PathoSurveilR": "1.2.1"
                },
                "PIRATE": {
                    "pirate": "1.0.5"
                },
                "QUAST": {
                    "quast": "5.3.0"
                },
                "REFORMAT_PIRATE_RESULTS": {
                    "pirate": "1.0.5"
                },
                "SAMPLESHEET_CHECK": {
                    "r-PathoSurveilR": "1.2.1"
                },
                "SAMTOOLS_FAIDX": {
                    "samtools": 1.24
                },
                "SAMTOOLS_INDEX": {
                    "samtools": 1.24
                },
                "SEQKIT_SLIDING": {
                    "seqkit": "2.13.0"
                },
                "SOURMASH_PAIRWISE": {
                    "sourmash": "4.9.4"
                },
                "SOURMASH_SKETCH": {
                    "sourmash": "4.9.4"
                },
                "SPADES": {
                    "spades": "4.1.0"
                },
                "SRATOOLS_FASTERQDUMP": {
                    "pigz": 2.8,
                    "sratools": "3.2.1"
                },
                "SUBSET_BUSCO_GENES": {
                    "r-base": "4.2.1"
                },
                "SUBSET_CORE_GENES": {
                    "r-base": "4.2.1"
                },
                "VCFLIB_VCFFILTER": {
                    "vcflib": "1.0.14"
                },
                "VCF_TO_SNP_ALIGN": {
                    "r-base": "4.2.1"
                },
                "Workflow": {
                    "nf-core/pathogensurveillance": "v1.2.0"
                }
            }
        ],
        "timestamp": "2026-09-17T15:51:08.023122872",
        "meta": {
            "nf-test": "0.9.5",
            "nextflow": "26.04.4"
        }
    }
}