{
    "-profile test_query_download_with_refs": {
        "content": [
            [
                ".pathogensurveillance_output.json",
                "assemblies",
                "assemblies/flye",
                "assemblies/flye/123456.assembly.fasta.gz",
                "assemblies/flye/123456.assembly_graph.gfa.gz",
                "assemblies/flye/123456.assembly_graph.gv.gz",
                "assemblies/flye/123456.assembly_info.txt",
                "assemblies/flye/123456.flye.log",
                "assemblies/flye/123456.params.json",
                "downloads",
                "downloads/annotations",
                "downloads/annotations/GCA_024788285.1.gff.gz",
                "downloads/annotations/GCA_030119385.1.gff.gz",
                "downloads/assemblies",
                "downloads/assemblies/GCA_024788285.1.fasta.gz",
                "downloads/assemblies/GCA_030119385.1.fasta.gz",
                "downloads/databases",
                "downloads/databases/busco",
                "downloads/databases/busco/busco_downloads",
                "downloads/reads",
                "downloads/reads/ERR17174237.fastq.gz",
                "metadata",
                "metadata/reference_metadata.tsv",
                "metadata/sample_metadata.tsv",
                "pipeline_info",
                "pipeline_info/messages.tsv",
                "pipeline_info/pathogensurveillance_run_info.yml",
                "pipeline_info/version_info.yml",
                "quality_control",
                "quality_control/multiqc",
                "quality_control/multiqc/multiqc_data",
                "quality_control/multiqc/multiqc_plots",
                "quality_control/multiqc/multiqc_report.html",
                "quality_control/nanoplot",
                "quality_control/nanoplot/123456_LengthvsQualityScatterPlot_dot.html",
                "quality_control/nanoplot/123456_LengthvsQualityScatterPlot_kde.html",
                "quality_control/nanoplot/123456_NanoPlot-report.html",
                "quality_control/nanoplot/123456_NanoStats.txt",
                "quality_control/nanoplot/123456_Non_weightedHistogramReadlength.html",
                "quality_control/nanoplot/123456_Non_weightedLogTransformed_HistogramReadlength.html",
                "quality_control/nanoplot/123456_WeightedHistogramReadlength.html",
                "quality_control/nanoplot/123456_WeightedLogTransformed_HistogramReadlength.html",
                "quality_control/nanoplot/123456_Yield_By_Length.html",
                "quality_control/quast",
                "quality_control/quast/123456",
                "quality_control/quast/123456.tsv",
                "report_group_data",
                "report_group_data/all_inputs",
                "sendsketch",
                "sendsketch/123456.txt",
                "sendsketch/123456_taxa_found.tsv",
                "sendsketch/123456_taxon_data.tsv",
                "sketch_comparisons",
                "sketch_comparisons/ani_matricies",
                "sketch_comparisons/ani_matricies/all_comp.csv",
                "sketch_comparisons/ani_matricies/all_comp.npy",
                "sketch_comparisons/ani_matricies/all_comp.npy.labels.txt",
                "sketch_comparisons/sketches",
                "sketch_comparisons/sketches/123456.sig",
                "sketch_comparisons/sketches/e_coli.sig"
            ],
            {
                "BBMAP_SENDSKETCH": {
                    "bbmap": 39.18
                },
                "BUSCO_DOWNLOAD": {
                    "busco": "6.1.0"
                },
                "FLYE_NANOPORE": {
                    "flye": "2.9.5-b1801"
                },
                "NANOPLOT": {
                    "NanoPlot": "1.47.0"
                },
                "QUAST": {
                    "quast": "5.3.0"
                },
                "SAMPLESHEET_CHECK": {
                    "r-PathoSurveilR": "1.2.0"
                },
                "SOURMASH_COMPARE": {
                    "sourmash": "4.9.4"
                },
                "SOURMASH_SKETCH": {
                    "sourmash": "4.9.4"
                },
                "SRATOOLS_FASTERQDUMP": {
                    "pigz": 2.8,
                    "sratools": "3.2.1"
                },
                "Workflow": {
                    "nf-core/pathogensurveillance": "v1.2.0dev"
                }
            }
        ],
        "timestamp": "2026-07-31T16:24:35.545374131",
        "meta": {
            "nf-test": "0.9.5",
            "nextflow": "26.04.4"
        }
    }
}