{
    "mixed input test": {
        "content": [
            [
                ".pathogensurveillance_output.json",
                "assemblies",
                "assemblies/flye",
                "assemblies/flye/123456.assembly.fasta.gz",
                "assemblies/flye/123456.assembly_graph.gfa.gz",
                "assemblies/flye/123456.assembly_graph.gv.gz",
                "assemblies/flye/123456.assembly_info.txt",
                "assemblies/flye/123456.flye.log",
                "assemblies/flye/123456.params.json",
                "assemblies/spades",
                "assemblies/spades/test_bf.assembly.gfa.gz",
                "assemblies/spades/test_bf.contigs.fa.gz",
                "assemblies/spades/test_bf.scaffolds.fa.gz",
                "assemblies/spades/test_bf.spades.log",
                "assemblies/spades/test_bf.warnings.log",
                "downloads",
                "downloads/annotations",
                "downloads/assemblies",
                "downloads/databases",
                "downloads/databases/busco",
                "downloads/databases/busco/busco_downloads",
                "downloads/reads",
                "fastp",
                "fastp/test_bf.fastp.html",
                "fastp/test_bf.fastp.json",
                "fastp/test_bf.fastp.log",
                "fastp/test_bf_R1.fastp.fastq.gz",
                "fastp/test_bf_R2.fastp.fastq.gz",
                "metadata",
                "metadata/reference_metadata.tsv",
                "metadata/sample_metadata.tsv",
                "pipeline_info",
                "pipeline_info/messages.tsv",
                "pipeline_info/pathogensurveillance_run_info.yml",
                "pipeline_info/version_info.yml",
                "quality_control",
                "quality_control/fastqc",
                "quality_control/fastqc/test_bf_1_fastqc.html",
                "quality_control/fastqc/test_bf_1_fastqc.zip",
                "quality_control/fastqc/test_bf_2_fastqc.html",
                "quality_control/fastqc/test_bf_2_fastqc.zip",
                "quality_control/multiqc",
                "quality_control/multiqc/multiqc_data",
                "quality_control/multiqc/multiqc_plots",
                "quality_control/multiqc/multiqc_report.html",
                "quality_control/nanoplot",
                "quality_control/nanoplot/123456_LengthvsQualityScatterPlot_dot.html",
                "quality_control/nanoplot/123456_LengthvsQualityScatterPlot_kde.html",
                "quality_control/nanoplot/123456_NanoPlot-report.html",
                "quality_control/nanoplot/123456_NanoStats.txt",
                "quality_control/nanoplot/123456_Non_weightedHistogramReadlength.html",
                "quality_control/nanoplot/123456_Non_weightedLogTransformed_HistogramReadlength.html",
                "quality_control/nanoplot/123456_WeightedHistogramReadlength.html",
                "quality_control/nanoplot/123456_WeightedLogTransformed_HistogramReadlength.html",
                "quality_control/nanoplot/123456_Yield_By_Length.html",
                "quality_control/quast",
                "quality_control/quast/123456",
                "quality_control/quast/123456.tsv",
                "quality_control/quast/test_bf",
                "quality_control/quast/test_bf.tsv",
                "reference_data",
                "reference_data/considered",
                "reference_data/downloaded",
                "reference_data/selected",
                "reference_data/selected/all_ani_matrix.csv",
                "reference_data/selected/all_mapping_references.tsv",
                "report_group_data",
                "report_group_data/all_inputs",
                "reports",
                "reports/all_pathsurveil_report.html",
                "sendsketch",
                "sendsketch/123456.txt",
                "sendsketch/123456_taxa_found.tsv",
                "sendsketch/123456_taxon_data.tsv",
                "sendsketch/test_bf.txt",
                "sendsketch/test_bf_taxa_found.tsv",
                "sendsketch/test_bf_taxon_data.tsv",
                "sketch_comparisons",
                "sketch_comparisons/ani_matricies",
                "sketch_comparisons/ani_matricies/all_pairwise.csv",
                "sketch_comparisons/sketches",
                "sketch_comparisons/sketches/123456.sig",
                "sketch_comparisons/sketches/e_coli.sig",
                "sketch_comparisons/sketches/test_bf.sig"
            ],
            {
                "ASSIGN_MAPPING_REFERENCE": {
                    "r-base": "4.2.1"
                },
                "BBMAP_SENDSKETCH": {
                    "bbmap": 39.18
                },
                "BUSCO_DOWNLOAD": {
                    "busco": "6.1.0"
                },
                "FASTP": {
                    "fastp": "1.1.0"
                },
                "FASTQC": {
                    "fastqc": "0.12.1"
                },
                "FLYE_NANOPORE": {
                    "flye": "2.9.5-b1801"
                },
                "NANOPLOT": {
                    "NanoPlot": "1.47.0"
                },
                "QUAST": {
                    "quast": "5.3.0"
                },
                "SAMPLESHEET_CHECK": {
                    "r-PathoSurveilR": "1.2.0"
                },
                "SOURMASH_PAIRWISE": {
                    "sourmash": "4.9.4"
                },
                "SOURMASH_SKETCH": {
                    "sourmash": "4.9.4"
                },
                "SPADES": {
                    "spades": "4.1.0"
                },
                "SRATOOLS_FASTERQDUMP": {
                    "pigz": 2.8,
                    "sratools": "3.2.1"
                },
                "Workflow": {
                    "nf-core/pathogensurveillance": "v1.2.0dev"
                }
            }
        ],
        "timestamp": "2026-08-12T19:05:12.622587507",
        "meta": {
            "nf-test": "0.9.5",
            "nextflow": "26.04.4"
        }
    },
    "-profile test_query_download_with_refs": {
        "content": [
            [
                ".pathogensurveillance_output.json",
                "assemblies",
                "assemblies/flye",
                "assemblies/flye/123456.assembly.fasta.gz",
                "assemblies/flye/123456.assembly_graph.gfa.gz",
                "assemblies/flye/123456.assembly_graph.gv.gz",
                "assemblies/flye/123456.assembly_info.txt",
                "assemblies/flye/123456.flye.log",
                "assemblies/flye/123456.params.json",
                "downloads",
                "downloads/annotations",
                "downloads/annotations/GCA_024788285.1.gff.gz",
                "downloads/annotations/GCA_030119385.1.gff.gz",
                "downloads/assemblies",
                "downloads/assemblies/GCA_024788285.1.fasta.gz",
                "downloads/assemblies/GCA_030119385.1.fasta.gz",
                "downloads/databases",
                "downloads/databases/busco",
                "downloads/databases/busco/busco_downloads",
                "downloads/reads",
                "downloads/reads/ERR17174237.fastq.gz",
                "metadata",
                "metadata/reference_metadata.tsv",
                "metadata/sample_metadata.tsv",
                "pipeline_info",
                "pipeline_info/messages.tsv",
                "pipeline_info/pathogensurveillance_run_info.yml",
                "pipeline_info/version_info.yml",
                "quality_control",
                "quality_control/multiqc",
                "quality_control/multiqc/multiqc_data",
                "quality_control/multiqc/multiqc_plots",
                "quality_control/multiqc/multiqc_report.html",
                "quality_control/nanoplot",
                "quality_control/nanoplot/123456_LengthvsQualityScatterPlot_dot.html",
                "quality_control/nanoplot/123456_LengthvsQualityScatterPlot_kde.html",
                "quality_control/nanoplot/123456_NanoPlot-report.html",
                "quality_control/nanoplot/123456_NanoStats.txt",
                "quality_control/nanoplot/123456_Non_weightedHistogramReadlength.html",
                "quality_control/nanoplot/123456_Non_weightedLogTransformed_HistogramReadlength.html",
                "quality_control/nanoplot/123456_WeightedHistogramReadlength.html",
                "quality_control/nanoplot/123456_WeightedLogTransformed_HistogramReadlength.html",
                "quality_control/nanoplot/123456_Yield_By_Length.html",
                "quality_control/quast",
                "quality_control/quast/123456",
                "quality_control/quast/123456.tsv",
                "report_group_data",
                "report_group_data/all_inputs",
                "sendsketch",
                "sendsketch/123456.txt",
                "sendsketch/123456_taxa_found.tsv",
                "sendsketch/123456_taxon_data.tsv",
                "sketch_comparisons",
                "sketch_comparisons/ani_matricies",
                "sketch_comparisons/ani_matricies/all_comp.csv",
                "sketch_comparisons/ani_matricies/all_comp.npy",
                "sketch_comparisons/ani_matricies/all_comp.npy.labels.txt",
                "sketch_comparisons/sketches",
                "sketch_comparisons/sketches/123456.sig",
                "sketch_comparisons/sketches/e_coli.sig"
            ],
            {
                "BBMAP_SENDSKETCH": {
                    "bbmap": 39.18
                },
                "BUSCO_DOWNLOAD": {
                    "busco": "6.1.0"
                },
                "FLYE_NANOPORE": {
                    "flye": "2.9.5-b1801"
                },
                "NANOPLOT": {
                    "NanoPlot": "1.47.0"
                },
                "QUAST": {
                    "quast": "5.3.0"
                },
                "SAMPLESHEET_CHECK": {
                    "r-PathoSurveilR": "1.2.0"
                },
                "SOURMASH_COMPARE": {
                    "sourmash": "4.9.4"
                },
                "SOURMASH_SKETCH": {
                    "sourmash": "4.9.4"
                },
                "SRATOOLS_FASTERQDUMP": {
                    "pigz": 2.8,
                    "sratools": "3.2.1"
                },
                "Workflow": {
                    "nf-core/pathogensurveillance": "v1.2.0dev"
                }
            }
        ],
        "timestamp": "2026-07-31T16:24:35.545374131",
        "meta": {
            "nf-test": "0.9.5",
            "nextflow": "26.04.4"
        }
    },
    "-profile test_mixed_input": {
        "content": [
            [
                ".pathogensurveillance_output.json",
                "assemblies",
                "assemblies/flye",
                "assemblies/flye/123456.assembly.fasta.gz",
                "assemblies/flye/123456.assembly_graph.gfa.gz",
                "assemblies/flye/123456.assembly_graph.gv.gz",
                "assemblies/flye/123456.assembly_info.txt",
                "assemblies/flye/123456.flye.log",
                "assemblies/flye/123456.params.json",
                "assemblies/spades",
                "assemblies/spades/test_bf.assembly.gfa.gz",
                "assemblies/spades/test_bf.contigs.fa.gz",
                "assemblies/spades/test_bf.scaffolds.fa.gz",
                "assemblies/spades/test_bf.spades.log",
                "assemblies/spades/test_bf.warnings.log",
                "assemblies/spades/test_mgSRR15276226.assembly.gfa.gz",
                "assemblies/spades/test_mgSRR15276226.contigs.fa.gz",
                "assemblies/spades/test_mgSRR15276226.scaffolds.fa.gz",
                "assemblies/spades/test_mgSRR15276226.spades.log",
                "assemblies/spades/test_mgSRR15276226.warnings.log",
                "downloads",
                "downloads/annotations",
                "downloads/annotations/GCA_002215425.1.gff.gz",
                "downloads/annotations/GCA_021409605.1.gff.gz",
                "downloads/annotations/GCA_029071255.1.gff.gz",
                "downloads/annotations/GCA_031673075.1.gff.gz",
                "downloads/annotations/GCA_048151705.1.gff.gz",
                "downloads/annotations/GCF_000008305.1.gff.gz",
                "downloads/annotations/GCF_000019345.1.gff.gz",
                "downloads/annotations/GCF_000327395.2.gff.gz",
                "downloads/annotations/GCF_000686245.1.gff.gz",
                "downloads/annotations/GCF_001272835.1.gff.gz",
                "downloads/annotations/GCF_002804205.1.gff.gz",
                "downloads/annotations/GCF_009883755.2.gff.gz",
                "downloads/annotations/GCF_024498275.1.gff.gz",
                "downloads/annotations/GCF_030550815.1.gff.gz",
                "downloads/annotations/GCF_040556925.1.gff.gz",
                "downloads/annotations/GCF_900476085.1.gff.gz",
                "downloads/assemblies",
                "downloads/assemblies/GCA_000483165.1.fasta.gz",
                "downloads/assemblies/GCA_002215425.1.fasta.gz",
                "downloads/assemblies/GCA_021409605.1.fasta.gz",
                "downloads/assemblies/GCA_029071255.1.fasta.gz",
                "downloads/assemblies/GCA_031673075.1.fasta.gz",
                "downloads/assemblies/GCA_036819555.1.fasta.gz",
                "downloads/assemblies/GCA_048151705.1.fasta.gz",
                "downloads/assemblies/GCA_964614725.1.fasta.gz",
                "downloads/assemblies/GCF_000008305.1.fasta.gz",
                "downloads/assemblies/GCF_000019345.1.fasta.gz",
                "downloads/assemblies/GCF_000327395.2.fasta.gz",
                "downloads/assemblies/GCF_000686245.1.fasta.gz",
                "downloads/assemblies/GCF_001272835.1.fasta.gz",
                "downloads/assemblies/GCF_002804205.1.fasta.gz",
                "downloads/assemblies/GCF_009883755.2.fasta.gz",
                "downloads/assemblies/GCF_024498275.1.fasta.gz",
                "downloads/assemblies/GCF_030550815.1.fasta.gz",
                "downloads/assemblies/GCF_040556925.1.fasta.gz",
                "downloads/assemblies/GCF_900476085.1.fasta.gz",
                "downloads/databases",
                "downloads/databases/busco",
                "downloads/databases/busco/busco_downloads",
                "downloads/reads",
                "downloads/reads/ERR17174237.fastq.gz",
                "downloads/reads/SRR15276226_1.fastq.gz",
                "downloads/reads/SRR15276226_2.fastq.gz",
                "fastp",
                "fastp/test_bf.fastp.html",
                "fastp/test_bf.fastp.json",
                "fastp/test_bf.fastp.log",
                "fastp/test_bf_R1.fastp.fastq.gz",
                "fastp/test_bf_R2.fastp.fastq.gz",
                "fastp/test_mgSRR15276226.fastp.html",
                "fastp/test_mgSRR15276226.fastp.json",
                "fastp/test_mgSRR15276226.fastp.log",
                "fastp/test_mgSRR15276226_R1.fastp.fastq.gz",
                "fastp/test_mgSRR15276226_R2.fastp.fastq.gz",
                "metadata",
                "metadata/reference_metadata.tsv",
                "metadata/sample_metadata.tsv",
                "pipeline_info",
                "pipeline_info/messages.tsv",
                "pipeline_info/pathogensurveillance_run_info.yml",
                "pipeline_info/version_info.yml",
                "quality_control",
                "quality_control/fastqc",
                "quality_control/fastqc/test_bf_1_fastqc.html",
                "quality_control/fastqc/test_bf_1_fastqc.zip",
                "quality_control/fastqc/test_bf_2_fastqc.html",
                "quality_control/fastqc/test_bf_2_fastqc.zip",
                "quality_control/fastqc/test_mgSRR15276226_1_fastqc.html",
                "quality_control/fastqc/test_mgSRR15276226_1_fastqc.zip",
                "quality_control/fastqc/test_mgSRR15276226_2_fastqc.html",
                "quality_control/fastqc/test_mgSRR15276226_2_fastqc.zip",
                "quality_control/nanoplot",
                "quality_control/nanoplot/123456_LengthvsQualityScatterPlot_dot.html",
                "quality_control/nanoplot/123456_LengthvsQualityScatterPlot_kde.html",
                "quality_control/nanoplot/123456_NanoPlot-report.html",
                "quality_control/nanoplot/123456_NanoStats.txt",
                "quality_control/nanoplot/123456_Non_weightedHistogramReadlength.html",
                "quality_control/nanoplot/123456_Non_weightedLogTransformed_HistogramReadlength.html",
                "quality_control/nanoplot/123456_WeightedHistogramReadlength.html",
                "quality_control/nanoplot/123456_WeightedLogTransformed_HistogramReadlength.html",
                "quality_control/nanoplot/123456_Yield_By_Length.html",
                "quality_control/quast",
                "quality_control/quast/123456",
                "quality_control/quast/123456.tsv",
                "quality_control/quast/test_bf",
                "quality_control/quast/test_bf.tsv",
                "quality_control/quast/test_mgSRR15276226",
                "quality_control/quast/test_mgSRR15276226.tsv",
                "reference_data",
                "reference_data/considered",
                "reference_data/considered/2092.json",
                "reference_data/considered/2092.tsv",
                "reference_data/considered/2790998.json",
                "reference_data/considered/2790998.tsv",
                "reference_data/considered/33925.json",
                "reference_data/considered/33925.tsv",
                "reference_data/downloaded",
                "reference_data/downloaded/test_mgSRR15276226.tsv",
                "sendsketch",
                "sendsketch/123456.txt",
                "sendsketch/123456_taxa_found.tsv",
                "sendsketch/123456_taxon_data.tsv",
                "sendsketch/test_bf.txt",
                "sendsketch/test_bf_taxa_found.tsv",
                "sendsketch/test_bf_taxon_data.tsv",
                "sendsketch/test_mgSRR15276226.txt",
                "sendsketch/test_mgSRR15276226_taxa_found.tsv",
                "sendsketch/test_mgSRR15276226_taxon_data.tsv",
                "seqkit_stats",
                "seqkit_stats/test_mgSRR15276226.tsv",
                "sketch_comparisons",
                "sketch_comparisons/ani_matricies",
                "sketch_comparisons/ani_matricies/all_pairwise.csv",
                "sketch_comparisons/sketches",
                "sketch_comparisons/sketches/123456.sig",
                "sketch_comparisons/sketches/GCA_000483165_1.sig",
                "sketch_comparisons/sketches/GCA_002215425_1.sig",
                "sketch_comparisons/sketches/GCA_021409605_1.sig",
                "sketch_comparisons/sketches/GCA_029071255_1.sig",
                "sketch_comparisons/sketches/GCA_031673075_1.sig",
                "sketch_comparisons/sketches/GCA_964614725_1.sig",
                "sketch_comparisons/sketches/GCF_000008305_1.sig",
                "sketch_comparisons/sketches/GCF_000019345_1.sig",
                "sketch_comparisons/sketches/GCF_000327395_2.sig",
                "sketch_comparisons/sketches/GCF_000686245_1.sig",
                "sketch_comparisons/sketches/GCF_001272835_1.sig",
                "sketch_comparisons/sketches/GCF_002804205_1.sig",
                "sketch_comparisons/sketches/GCF_009883755_2.sig",
                "sketch_comparisons/sketches/GCF_024498275_1.sig",
                "sketch_comparisons/sketches/GCF_030550815_1.sig",
                "sketch_comparisons/sketches/GCF_040556925_1.sig",
                "sketch_comparisons/sketches/GCF_900476085_1.sig",
                "sketch_comparisons/sketches/b_fragilisGCA_036819555_1.sig",
                "sketch_comparisons/sketches/e_coli.sig",
                "sketch_comparisons/sketches/test_bf.sig",
                "sketch_comparisons/sketches/test_mgSRR15276226.sig"
            ],
            {
                "BUSCO_DOWNLOAD": {
                    "busco": "6.1.0"
                },
                "SAMPLESHEET_CHECK": {
                    "r-PathoSurveilR": "1.2.0"
                },
                "Workflow": {
                    "nf-core/pathogensurveillance": "v1.2.0dev"
                }
            }
        ],
        "timestamp": "2026-08-07T18:16:15.362390385",
        "meta": {
            "nf-test": "0.9.5",
            "nextflow": "26.04.4"
        }
    }
}