{
    "-profile test_bacteria": {
        "content": [
            [
                ".pathogensurveillance_output.json",
                "assemblies",
                "assemblies/spades",
                "assemblies/spades/SAMEA882278.assembly.gfa.gz",
                "assemblies/spades/SAMEA882278.contigs.fa.gz",
                "assemblies/spades/SAMEA882278.scaffolds.fa.gz",
                "assemblies/spades/SAMEA882278.spades.log",
                "downloads",
                "downloads/annotations",
                "downloads/annotations/GCF_000409365.2.gff.gz",
                "downloads/annotations/GCF_000759775.1.gff.gz",
                "downloads/annotations/GCF_001039365.2.gff.gz",
                "downloads/annotations/GCF_002853715.1.gff.gz",
                "downloads/annotations/GCF_016027855.1.gff.gz",
                "downloads/annotations/GCF_900079995.3.gff.gz",
                "downloads/annotations/GCF_902500225.1.gff.gz",
                "downloads/assemblies",
                "downloads/assemblies/GCF_000409365.2.fasta.gz",
                "downloads/assemblies/GCF_000759775.1.fasta.gz",
                "downloads/assemblies/GCF_001039365.2.fasta.gz",
                "downloads/assemblies/GCF_002853715.1.fasta.gz",
                "downloads/assemblies/GCF_016027855.1.fasta.gz",
                "downloads/assemblies/GCF_900079995.3.fasta.gz",
                "downloads/assemblies/GCF_902500225.1.fasta.gz",
                "downloads/databases",
                "downloads/databases/busco",
                "downloads/databases/busco/busco_downloads",
                "downloads/reads",
                "downloads/reads/ERR024824_1.fastq.gz",
                "downloads/reads/ERR024824_2.fastq.gz",
                "fastp",
                "fastp/SAMEA882278.fastp.html",
                "fastp/SAMEA882278.fastp.json",
                "fastp/SAMEA882278.fastp.log",
                "fastp/SAMEA882278_R1.fastp.fastq.gz",
                "fastp/SAMEA882278_R2.fastp.fastq.gz",
                "metadata",
                "metadata/reference_metadata.tsv",
                "metadata/sample_metadata.tsv",
                "pipeline_info",
                "pipeline_info/messages.tsv",
                "pipeline_info/pathogensurveillance_run_info.yml",
                "pipeline_info/version_info.yml",
                "quality_control",
                "quality_control/fastqc",
                "quality_control/fastqc/SAMEA882278_1_fastqc.html",
                "quality_control/fastqc/SAMEA882278_1_fastqc.zip",
                "quality_control/fastqc/SAMEA882278_2_fastqc.html",
                "quality_control/fastqc/SAMEA882278_2_fastqc.zip",
                "quality_control/multiqc",
                "quality_control/multiqc/multiqc_data",
                "quality_control/multiqc/multiqc_plots",
                "quality_control/multiqc/multiqc_report.html",
                "quality_control/quast",
                "quality_control/quast/SAMEA882278",
                "quality_control/quast/SAMEA882278.tsv",
                "reference_data",
                "reference_data/considered",
                "reference_data/considered/543.json",
                "reference_data/considered/543.tsv",
                "reference_data/downloaded",
                "reference_data/downloaded/SAMEA882278.tsv",
                "report_group_data",
                "report_group_data/all_inputs",
                "reports",
                "reports/all_pathsurveil_report.html",
                "sendsketch",
                "sendsketch/SAMEA882278.txt",
                "sendsketch/SAMEA882278_taxa_found.tsv",
                "sendsketch/SAMEA882278_taxon_data.tsv",
                "sketch_comparisons",
                "sketch_comparisons/ani_matricies",
                "sketch_comparisons/ani_matricies/all_pairwise.csv",
                "sketch_comparisons/sketches",
                "sketch_comparisons/sketches/GCF_000409365_2.sig",
                "sketch_comparisons/sketches/GCF_000759775_1.sig",
                "sketch_comparisons/sketches/GCF_001039365_2.sig",
                "sketch_comparisons/sketches/GCF_002853715_1.sig",
                "sketch_comparisons/sketches/GCF_016027855_1.sig",
                "sketch_comparisons/sketches/GCF_900079995_3.sig",
                "sketch_comparisons/sketches/GCF_902500225_1.sig",
                "sketch_comparisons/sketches/SAMEA882278.sig"
            ],
            {
                "BBMAP_SENDSKETCH": {
                    "bbmap": 39.18
                },
                "BUSCO_DOWNLOAD": {
                    "busco": "6.1.0"
                },
                "FASTP": {
                    "fastp": "1.1.0"
                },
                "FASTQC": {
                    "fastqc": "0.12.1"
                },
                "QUAST": {
                    "quast": "5.3.0"
                },
                "SAMPLESHEET_CHECK": {
                    "r-PathoSurveilR": "1.2.0"
                },
                "SOURMASH_PAIRWISE": {
                    "sourmash": "4.9.4"
                },
                "SOURMASH_SKETCH": {
                    "sourmash": "4.9.4"
                },
                "SPADES": {
                    "spades": "4.1.0"
                },
                "SRATOOLS_FASTERQDUMP": {
                    "pigz": 2.8,
                    "sratools": "3.2.1"
                },
                "Workflow": {
                    "nf-core/pathogensurveillance": "v1.2.0dev"
                }
            }
        ],
        "timestamp": "2026-08-07T17:43:36.163608982",
        "meta": {
            "nf-test": "0.9.5",
            "nextflow": "26.04.4"
        }
    },
    "bacteria profile": {
        "content": [
            [
                ".pathogensurveillance_output.json",
                "aligned_reads",
                "aligned_reads/GCF_000828055_2--SAMEA882273.bam",
                "aligned_reads/GCF_000828055_2--SAMEA882273.formatted.MarkDuplicates.metrics.txt",
                "aligned_reads/GCF_000828055_2--SAMEA882273.formatted.bam",
                "aligned_reads/GCF_000828055_2--SAMEA882273.formatted.bam.csi",
                "aligned_reads/GCF_965135695_1--SAMN11100995.bam",
                "aligned_reads/GCF_965135695_1--SAMN11100995.formatted.MarkDuplicates.metrics.txt",
                "aligned_reads/GCF_965135695_1--SAMN11100995.formatted.bam",
                "aligned_reads/GCF_965135695_1--SAMN11100995.formatted.bam.csi",
                "assemblies",
                "assemblies/spades",
                "assemblies/spades/SAMEA882273.assembly.gfa.gz",
                "assemblies/spades/SAMEA882273.contigs.fa.gz",
                "assemblies/spades/SAMEA882273.scaffolds.fa.gz",
                "assemblies/spades/SAMEA882273.spades.log",
                "assemblies/spades/SAMEA882278.assembly.gfa.gz",
                "assemblies/spades/SAMEA882278.contigs.fa.gz",
                "assemblies/spades/SAMEA882278.scaffolds.fa.gz",
                "assemblies/spades/SAMEA882278.spades.log",
                "assemblies/spades/SAMEA882280.assembly.gfa.gz",
                "assemblies/spades/SAMEA882280.contigs.fa.gz",
                "assemblies/spades/SAMEA882280.scaffolds.fa.gz",
                "assemblies/spades/SAMEA882280.spades.log",
                "assemblies/spades/SAMN11100995.assembly.gfa.gz",
                "assemblies/spades/SAMN11100995.contigs.fa.gz",
                "assemblies/spades/SAMN11100995.scaffolds.fa.gz",
                "assemblies/spades/SAMN11100995.spades.log",
                "assemblies/spades/SAMN11100995.warnings.log",
                "assemblies/spades/SAMN11100996.assembly.gfa.gz",
                "assemblies/spades/SAMN11100996.contigs.fa.gz",
                "assemblies/spades/SAMN11100996.scaffolds.fa.gz",
                "assemblies/spades/SAMN11100996.spades.log",
                "assemblies/spades/SAMN11100996.warnings.log",
                "downloads",
                "downloads/annotations",
                "downloads/annotations/GCF_000157895.3.gff.gz",
                "downloads/annotations/GCF_000195655.1.gff.gz",
                "downloads/annotations/GCF_000238715.1.gff.gz",
                "downloads/annotations/GCF_000398905.1.gff.gz",
                "downloads/annotations/GCF_000409365.2.gff.gz",
                "downloads/annotations/GCF_000759775.1.gff.gz",
                "downloads/annotations/GCF_000828055.2.gff.gz",
                "downloads/annotations/GCF_001308905.1.gff.gz",
                "downloads/annotations/GCF_001443245.1.gff.gz",
                "downloads/annotations/GCF_001456355.1.gff.gz",
                "downloads/annotations/GCF_001558355.2.gff.gz",
                "downloads/annotations/GCF_001605725.1.gff.gz",
                "downloads/annotations/GCF_001620885.1.gff.gz",
                "downloads/annotations/GCF_001632805.1.gff.gz",
                "downloads/annotations/GCF_001807645.1.gff.gz",
                "downloads/annotations/GCF_001807705.1.gff.gz",
                "downloads/annotations/GCF_001808265.1.gff.gz",
                "downloads/annotations/GCF_001808325.1.gff.gz",
                "downloads/annotations/GCF_002806645.1.gff.gz",
                "downloads/annotations/GCF_002806655.1.gff.gz",
                "downloads/annotations/GCF_002806695.1.gff.gz",
                "downloads/annotations/GCF_002810495.1.gff.gz",
                "downloads/annotations/GCF_002810515.1.gff.gz",
                "downloads/annotations/GCF_002810575.1.gff.gz",
                "downloads/annotations/GCF_002810595.1.gff.gz",
                "downloads/annotations/GCF_002810615.1.gff.gz",
                "downloads/annotations/GCF_002810635.1.gff.gz",
                "downloads/annotations/GCF_002837615.1.gff.gz",
                "downloads/annotations/GCF_002837625.1.gff.gz",
                "downloads/annotations/GCF_002837655.1.gff.gz",
                "downloads/annotations/GCF_002853715.1.gff.gz",
                "downloads/annotations/GCF_002900365.1.gff.gz",
                "downloads/annotations/GCF_002925905.1.gff.gz",
                "downloads/annotations/GCF_002950215.1.gff.gz",
                "downloads/annotations/GCF_003097195.1.gff.gz",
                "downloads/annotations/GCF_003697165.2.gff.gz",
                "downloads/annotations/GCF_003790505.1.gff.gz",
                "downloads/annotations/GCF_004355025.1.gff.gz",
                "downloads/annotations/GCF_004803565.2.gff.gz",
                "downloads/annotations/GCF_004924335.1.gff.gz",
                "downloads/annotations/GCF_006364295.1.gff.gz",
                "downloads/annotations/GCF_008364625.2.gff.gz",
                "downloads/annotations/GCF_014836715.1.gff.gz",
                "downloads/annotations/GCF_019048125.1.gff.gz",
                "downloads/annotations/GCF_020097475.1.gff.gz",
                "downloads/annotations/GCF_020099175.1.gff.gz",
                "downloads/annotations/GCF_022370835.2.gff.gz",
                "downloads/annotations/GCF_022374875.2.gff.gz",
                "downloads/annotations/GCF_022374935.2.gff.gz",
                "downloads/annotations/GCF_030252325.1.gff.gz",
                "downloads/annotations/GCF_900079995.3.gff.gz",
                "downloads/annotations/GCF_900636985.1.gff.gz",
                "downloads/annotations/GCF_902498915.1.gff.gz",
                "downloads/annotations/GCF_965135695.1.gff.gz",
                "downloads/assemblies",
                "downloads/assemblies/GCF_000157895.3.fasta.gz",
                "downloads/assemblies/GCF_000195655.1.fasta.gz",
                "downloads/assemblies/GCF_000238715.1.fasta.gz",
                "downloads/assemblies/GCF_000398905.1.fasta.gz",
                "downloads/assemblies/GCF_000409365.2.fasta.gz",
                "downloads/assemblies/GCF_000759775.1.fasta.gz",
                "downloads/assemblies/GCF_000828055.2.fasta.gz",
                "downloads/assemblies/GCF_001308905.1.fasta.gz",
                "downloads/assemblies/GCF_001443245.1.fasta.gz",
                "downloads/assemblies/GCF_001456355.1.fasta.gz",
                "downloads/assemblies/GCF_001558355.2.fasta.gz",
                "downloads/assemblies/GCF_001605725.1.fasta.gz",
                "downloads/assemblies/GCF_001620885.1.fasta.gz",
                "downloads/assemblies/GCF_001632805.1.fasta.gz",
                "downloads/assemblies/GCF_001807645.1.fasta.gz",
                "downloads/assemblies/GCF_001807705.1.fasta.gz",
                "downloads/assemblies/GCF_001808265.1.fasta.gz",
                "downloads/assemblies/GCF_001808325.1.fasta.gz",
                "downloads/assemblies/GCF_002806645.1.fasta.gz",
                "downloads/assemblies/GCF_002806655.1.fasta.gz",
                "downloads/assemblies/GCF_002806695.1.fasta.gz",
                "downloads/assemblies/GCF_002810495.1.fasta.gz",
                "downloads/assemblies/GCF_002810515.1.fasta.gz",
                "downloads/assemblies/GCF_002810575.1.fasta.gz",
                "downloads/assemblies/GCF_002810595.1.fasta.gz",
                "downloads/assemblies/GCF_002810615.1.fasta.gz",
                "downloads/assemblies/GCF_002810635.1.fasta.gz",
                "downloads/assemblies/GCF_002837615.1.fasta.gz",
                "downloads/assemblies/GCF_002837625.1.fasta.gz",
                "downloads/assemblies/GCF_002837655.1.fasta.gz",
                "downloads/assemblies/GCF_002853715.1.fasta.gz",
                "downloads/assemblies/GCF_002900365.1.fasta.gz",
                "downloads/assemblies/GCF_002925905.1.fasta.gz",
                "downloads/assemblies/GCF_002950215.1.fasta.gz",
                "downloads/assemblies/GCF_003097195.1.fasta.gz",
                "downloads/assemblies/GCF_003697165.2.fasta.gz",
                "downloads/assemblies/GCF_003790505.1.fasta.gz",
                "downloads/assemblies/GCF_004355025.1.fasta.gz",
                "downloads/assemblies/GCF_004803565.2.fasta.gz",
                "downloads/assemblies/GCF_004924335.1.fasta.gz",
                "downloads/assemblies/GCF_006364295.1.fasta.gz",
                "downloads/assemblies/GCF_008364625.2.fasta.gz",
                "downloads/assemblies/GCF_014836715.1.fasta.gz",
                "downloads/assemblies/GCF_019048125.1.fasta.gz",
                "downloads/assemblies/GCF_020097475.1.fasta.gz",
                "downloads/assemblies/GCF_020099175.1.fasta.gz",
                "downloads/assemblies/GCF_022370835.2.fasta.gz",
                "downloads/assemblies/GCF_022374875.2.fasta.gz",
                "downloads/assemblies/GCF_022374935.2.fasta.gz",
                "downloads/assemblies/GCF_030252325.1.fasta.gz",
                "downloads/assemblies/GCF_900079995.3.fasta.gz",
                "downloads/assemblies/GCF_900636985.1.fasta.gz",
                "downloads/assemblies/GCF_902498915.1.fasta.gz",
                "downloads/assemblies/GCF_965135695.1.fasta.gz",
                "downloads/databases",
                "downloads/databases/busco",
                "downloads/databases/busco/busco_downloads",
                "downloads/reads",
                "downloads/reads/ERR024824_1.fastq.gz",
                "downloads/reads/ERR024824_2.fastq.gz",
                "downloads/reads/ERR024826_1.fastq.gz",
                "downloads/reads/ERR024826_2.fastq.gz",
                "downloads/reads/ERR024827_1.fastq.gz",
                "downloads/reads/ERR024827_2.fastq.gz",
                "downloads/reads/SRR12574846_1.fastq.gz",
                "downloads/reads/SRR12574846_2.fastq.gz",
                "downloads/reads/SRR12574847_1.fastq.gz",
                "downloads/reads/SRR12574847_2.fastq.gz",
                "fastp",
                "fastp/SAMEA882273.fastp.html",
                "fastp/SAMEA882273.fastp.json",
                "fastp/SAMEA882273.fastp.log",
                "fastp/SAMEA882273_R1.fastp.fastq.gz",
                "fastp/SAMEA882273_R2.fastp.fastq.gz",
                "fastp/SAMEA882278.fastp.html",
                "fastp/SAMEA882278.fastp.json",
                "fastp/SAMEA882278.fastp.log",
                "fastp/SAMEA882278_R1.fastp.fastq.gz",
                "fastp/SAMEA882278_R2.fastp.fastq.gz",
                "fastp/SAMEA882280.fastp.html",
                "fastp/SAMEA882280.fastp.json",
                "fastp/SAMEA882280.fastp.log",
                "fastp/SAMEA882280_R1.fastp.fastq.gz",
                "fastp/SAMEA882280_R2.fastp.fastq.gz",
                "fastp/SAMN11100995.fastp.html",
                "fastp/SAMN11100995.fastp.json",
                "fastp/SAMN11100995.fastp.log",
                "fastp/SAMN11100995_R1.fastp.fastq.gz",
                "fastp/SAMN11100995_R2.fastp.fastq.gz",
                "fastp/SAMN11100996.fastp.html",
                "fastp/SAMN11100996.fastp.json",
                "fastp/SAMN11100996.fastp.log",
                "fastp/SAMN11100996_R1.fastp.fastq.gz",
                "fastp/SAMN11100996_R2.fastp.fastq.gz",
                "metadata",
                "metadata/reference_metadata.tsv",
                "metadata/sample_metadata.tsv",
                "pipeline_info",
                "pipeline_info/messages.tsv",
                "pipeline_info/pathogensurveillance_run_info.yml",
                "pipeline_info/version_info.yml",
                "quality_control",
                "quality_control/fastqc",
                "quality_control/fastqc/SAMEA882273_1_fastqc.html",
                "quality_control/fastqc/SAMEA882273_1_fastqc.zip",
                "quality_control/fastqc/SAMEA882273_2_fastqc.html",
                "quality_control/fastqc/SAMEA882273_2_fastqc.zip",
                "quality_control/fastqc/SAMEA882278_1_fastqc.html",
                "quality_control/fastqc/SAMEA882278_1_fastqc.zip",
                "quality_control/fastqc/SAMEA882278_2_fastqc.html",
                "quality_control/fastqc/SAMEA882278_2_fastqc.zip",
                "quality_control/fastqc/SAMEA882280_1_fastqc.html",
                "quality_control/fastqc/SAMEA882280_1_fastqc.zip",
                "quality_control/fastqc/SAMEA882280_2_fastqc.html",
                "quality_control/fastqc/SAMEA882280_2_fastqc.zip",
                "quality_control/fastqc/SAMN11100995_1_fastqc.html",
                "quality_control/fastqc/SAMN11100995_1_fastqc.zip",
                "quality_control/fastqc/SAMN11100995_2_fastqc.html",
                "quality_control/fastqc/SAMN11100995_2_fastqc.zip",
                "quality_control/fastqc/SAMN11100996_1_fastqc.html",
                "quality_control/fastqc/SAMN11100996_1_fastqc.zip",
                "quality_control/fastqc/SAMN11100996_2_fastqc.html",
                "quality_control/fastqc/SAMN11100996_2_fastqc.zip",
                "quality_control/multiqc",
                "quality_control/multiqc/multiqc_data",
                "quality_control/multiqc/multiqc_plots",
                "quality_control/multiqc/multiqc_report.html",
                "quality_control/quast",
                "quality_control/quast/SAMEA882273",
                "quality_control/quast/SAMEA882273.tsv",
                "quality_control/quast/SAMEA882278",
                "quality_control/quast/SAMEA882278.tsv",
                "quality_control/quast/SAMEA882280",
                "quality_control/quast/SAMEA882280.tsv",
                "quality_control/quast/SAMN11100995",
                "quality_control/quast/SAMN11100995.tsv",
                "quality_control/quast/SAMN11100996",
                "quality_control/quast/SAMN11100996.tsv",
                "reference_data",
                "reference_data/considered",
                "reference_data/considered/1762.json",
                "reference_data/considered/1762.tsv",
                "reference_data/considered/543.json",
                "reference_data/considered/543.tsv",
                "reference_data/downloaded",
                "reference_data/downloaded/SAMEA882273.tsv",
                "reference_data/downloaded/SAMEA882278.tsv",
                "reference_data/downloaded/SAMEA882280.tsv",
                "reference_data/downloaded/SAMN11100995.tsv",
                "reference_data/downloaded/SAMN11100996.tsv",
                "reference_data/indexes",
                "reference_data/indexes/bwa",
                "reference_data/indexes/bwa/bwa",
                "reference_data/indexes/faidx",
                "reference_data/indexes/faidx/GCF_000828055_2.fasta.gz.fai",
                "reference_data/indexes/faidx/GCF_000828055_2.fasta.gz.gzi",
                "reference_data/indexes/faidx/GCF_965135695_1.fasta.gz.fai",
                "reference_data/indexes/faidx/GCF_965135695_1.fasta.gz.gzi",
                "reference_data/indexes/picard",
                "reference_data/indexes/picard/GCF_000828055_2.fasta.dict",
                "reference_data/indexes/picard/GCF_965135695_1.fasta.dict",
                "reference_data/indexes/tabix",
                "reference_data/indexes/tabix/all--GCF_000828055_2.vcf.gz.tbi",
                "reference_data/indexes/tabix/all--GCF_965135695_1.vcf.gz.tbi",
                "reference_data/selected",
                "reference_data/selected/all_ani_matrix.csv",
                "reference_data/selected/all_mapping_references.tsv",
                "report_group_data",
                "report_group_data/all_inputs",
                "reports",
                "reports/all_pathsurveil_report.html",
                "sendsketch",
                "sendsketch/SAMEA882273.txt",
                "sendsketch/SAMEA882273_taxa_found.tsv",
                "sendsketch/SAMEA882273_taxon_data.tsv",
                "sendsketch/SAMEA882278.txt",
                "sendsketch/SAMEA882278_taxa_found.tsv",
                "sendsketch/SAMEA882278_taxon_data.tsv",
                "sendsketch/SAMEA882280.txt",
                "sendsketch/SAMEA882280_taxa_found.tsv",
                "sendsketch/SAMEA882280_taxon_data.tsv",
                "sendsketch/SAMN11100995.txt",
                "sendsketch/SAMN11100995_taxa_found.tsv",
                "sendsketch/SAMN11100995_taxon_data.tsv",
                "sendsketch/SAMN11100996.txt",
                "sendsketch/SAMN11100996_taxa_found.tsv",
                "sendsketch/SAMN11100996_taxon_data.tsv",
                "sketch_comparisons",
                "sketch_comparisons/ani_matricies",
                "sketch_comparisons/ani_matricies/all_pairwise.csv",
                "sketch_comparisons/sketches",
                "sketch_comparisons/sketches/GCF_000157895_3.sig",
                "sketch_comparisons/sketches/GCF_000195655_1.sig",
                "sketch_comparisons/sketches/GCF_000238715_1.sig",
                "sketch_comparisons/sketches/GCF_000398905_1.sig",
                "sketch_comparisons/sketches/GCF_000409365_2.sig",
                "sketch_comparisons/sketches/GCF_000759775_1.sig",
                "sketch_comparisons/sketches/GCF_000828055_2.sig",
                "sketch_comparisons/sketches/GCF_001308905_1.sig",
                "sketch_comparisons/sketches/GCF_001443245_1.sig",
                "sketch_comparisons/sketches/GCF_001456355_1.sig",
                "sketch_comparisons/sketches/GCF_001558355_2.sig",
                "sketch_comparisons/sketches/GCF_001605725_1.sig",
                "sketch_comparisons/sketches/GCF_001620885_1.sig",
                "sketch_comparisons/sketches/GCF_001632805_1.sig",
                "sketch_comparisons/sketches/GCF_001807645_1.sig",
                "sketch_comparisons/sketches/GCF_001807705_1.sig",
                "sketch_comparisons/sketches/GCF_001808265_1.sig",
                "sketch_comparisons/sketches/GCF_001808325_1.sig",
                "sketch_comparisons/sketches/GCF_002806645_1.sig",
                "sketch_comparisons/sketches/GCF_002806655_1.sig",
                "sketch_comparisons/sketches/GCF_002806695_1.sig",
                "sketch_comparisons/sketches/GCF_002810495_1.sig",
                "sketch_comparisons/sketches/GCF_002810515_1.sig",
                "sketch_comparisons/sketches/GCF_002810575_1.sig",
                "sketch_comparisons/sketches/GCF_002810595_1.sig",
                "sketch_comparisons/sketches/GCF_002810615_1.sig",
                "sketch_comparisons/sketches/GCF_002810635_1.sig",
                "sketch_comparisons/sketches/GCF_002837615_1.sig",
                "sketch_comparisons/sketches/GCF_002837625_1.sig",
                "sketch_comparisons/sketches/GCF_002837655_1.sig",
                "sketch_comparisons/sketches/GCF_002853715_1.sig",
                "sketch_comparisons/sketches/GCF_002900365_1.sig",
                "sketch_comparisons/sketches/GCF_002925905_1.sig",
                "sketch_comparisons/sketches/GCF_002950215_1.sig",
                "sketch_comparisons/sketches/GCF_003097195_1.sig",
                "sketch_comparisons/sketches/GCF_003697165_2.sig",
                "sketch_comparisons/sketches/GCF_003790505_1.sig",
                "sketch_comparisons/sketches/GCF_004355025_1.sig",
                "sketch_comparisons/sketches/GCF_004803565_2.sig",
                "sketch_comparisons/sketches/GCF_004924335_1.sig",
                "sketch_comparisons/sketches/GCF_006364295_1.sig",
                "sketch_comparisons/sketches/GCF_008364625_2.sig",
                "sketch_comparisons/sketches/GCF_014836715_1.sig",
                "sketch_comparisons/sketches/GCF_019048125_1.sig",
                "sketch_comparisons/sketches/GCF_020097475_1.sig",
                "sketch_comparisons/sketches/GCF_020099175_1.sig",
                "sketch_comparisons/sketches/GCF_022370835_2.sig",
                "sketch_comparisons/sketches/GCF_022374875_2.sig",
                "sketch_comparisons/sketches/GCF_022374935_2.sig",
                "sketch_comparisons/sketches/GCF_030252325_1.sig",
                "sketch_comparisons/sketches/GCF_900079995_3.sig",
                "sketch_comparisons/sketches/GCF_900636985_1.sig",
                "sketch_comparisons/sketches/GCF_902498915_1.sig",
                "sketch_comparisons/sketches/GCF_965135695_1.sig",
                "sketch_comparisons/sketches/SAMEA882273.sig",
                "sketch_comparisons/sketches/SAMEA882278.sig",
                "sketch_comparisons/sketches/SAMEA882280.sig",
                "sketch_comparisons/sketches/SAMN11100995.sig",
                "sketch_comparisons/sketches/SAMN11100996.sig",
                "variants",
                "variants/all--GCF_000828055_2.fasta",
                "variants/all--GCF_000828055_2.variantfiltration.vcf.gz",
                "variants/all--GCF_000828055_2.variantfiltration.vcf.gz.tbi",
                "variants/all--GCF_000828055_2.vcf.gz",
                "variants/all--GCF_000828055_2.vcf.gz.tbi",
                "variants/all--GCF_000828055_2.vcffilter.vcf.gz",
                "variants/all--GCF_965135695_1.fasta",
                "variants/all--GCF_965135695_1.variantfiltration.vcf.gz",
                "variants/all--GCF_965135695_1.variantfiltration.vcf.gz.tbi",
                "variants/all--GCF_965135695_1.vcf.gz",
                "variants/all--GCF_965135695_1.vcf.gz.tbi",
                "variants/all--GCF_965135695_1.vcffilter.vcf.gz",
                "variants/removed_sample_ids.txt"
            ],
            {
                "ASSIGN_MAPPING_REFERENCE": {
                    "r-base": "4.2.1"
                },
                "BBMAP_SENDSKETCH": {
                    "bbmap": 39.18
                },
                "BUSCO_DOWNLOAD": {
                    "busco": "6.1.0"
                },
                "BWA_INDEX": {
                    "bwa": "0.7.19-r1273"
                },
                "BWA_MEM": {
                    "bwa": "0.7.19-r1273",
                    "samtools": "1.22.1"
                },
                "FASTP": {
                    "fastp": "1.1.0"
                },
                "FASTQC": {
                    "fastqc": "0.12.1"
                },
                "GATK4_VARIANTFILTRATION": {
                    "gatk4": "4.6.2.0"
                },
                "GRAPHTYPER_GENOTYPE": {
                    "graphtyper": "2.7.7"
                },
                "GRAPHTYPER_VCFCONCATENATE": {
                    "graphtyper": "2.7.7"
                },
                "HTSLIB_BGZIPTABIX": {
                    "htslib": 1.24,
                    "xz": "5.8.3"
                },
                "PICARD_CREATESEQUENCEDICTIONARY": {
                    "picard": "3.4.0"
                },
                "PICARD_FORMAT": {
                    "picard": "3.3.0"
                },
                "QUAST": {
                    "quast": "5.3.0"
                },
                "SAMPLESHEET_CHECK": {
                    "r-PathoSurveilR": "1.2.0"
                },
                "SAMTOOLS_FAIDX": {
                    "samtools": 1.24
                },
                "SAMTOOLS_INDEX": {
                    "samtools": 1.24
                },
                "SOURMASH_PAIRWISE": {
                    "sourmash": "4.9.4"
                },
                "SOURMASH_SKETCH": {
                    "sourmash": "4.9.4"
                },
                "SPADES": {
                    "spades": "4.1.0"
                },
                "SRATOOLS_FASTERQDUMP": {
                    "pigz": 2.8,
                    "sratools": "3.2.1"
                },
                "VCFLIB_VCFFILTER": {
                    "vcflib": "1.0.14"
                },
                "VCF_TO_SNP_ALIGN": {
                    "r-base": "4.2.1"
                },
                "Workflow": {
                    "nf-core/pathogensurveillance": "v1.2.0dev"
                }
            }
        ],
        "timestamp": "2026-08-12T18:33:00.644188827",
        "meta": {
            "nf-test": "0.9.5",
            "nextflow": "26.04.4"
        }
    }
}